Design1|c:/My_Designs/Design1/Design1/src/partS.v_partD.v_TestBench.v|c:/My_Designs/Design1/Design1/compile/refresh.tmp|c:/My_Designs/Design1/Design1/compile/vcp_cmd.encr|1433948680.00
Design1|c:/My_Designs/Design1/Design1/src/TestBench.v|c:/My_Designs/Design1/Design1/compile/refresh.tmp|c:/My_Designs/Design1/Design1/compile/vcp_cmd.encr|1433948810.00
