Design2|c:/My_Designs/Design2/Design2/src/adder.v|c:/My_Designs/Design2/Design2/compile/refresh.tmp|c:/My_Designs/Design2/Design2/compile/vcp_cmd.encr|1433963172.00
Design2|c:/My_Designs/Design2/Design2/src/OAO.v|c:/My_Designs/Design2/Design2/compile/refresh.tmp|c:/My_Designs/Design2/Design2/compile/vcp_cmd.encr|1433963177.00
Design2|c:/My_Designs/Design2/Design2/src/TestBench.v_OAO.v_adder.v|c:/My_Designs/Design2/Design2/compile/refresh.tmp|c:/My_Designs/Design2/Design2/compile/vcp_cmd.encr|1434633531.00
Design2|c:/My_Designs/Design2/Design2/src/adder.v|c:/My_Designs/Design2/Design2/compile/refresh.tmp|c:/My_Designs/Design2/Design2/compile/vcp_cmd.encr|1434633620.00
Design2|c:/My_Designs/Design2/Design2/src/TestBench.v_OAO.v_adder.v|c:/My_Designs/Design2/Design2/compile/refresh.tmp|c:/My_Designs/Design2/Design2/compile/vcp_cmd.encr|1434633659.00
Design2|c:/My_Designs/Design2/Design2/src/TestBench.v_OAO.v_adder.v|c:/My_Designs/Design2/Design2/compile/refresh.tmp|c:/My_Designs/Design2/Design2/compile/vcp_cmd.encr|1434634096.00
Design2|c:/My_Designs/Design2/Design2/src/TestBench.v|c:/My_Designs/Design2/Design2/compile/refresh.tmp|c:/My_Designs/Design2/Design2/compile/vcp_cmd.encr|1434634134.00
Design2|c:/My_Designs/Design2/Design2/src/TestBench.v|c:/My_Designs/Design2/Design2/compile/refresh.tmp|c:/My_Designs/Design2/Design2/compile/vcp_cmd.encr|1434634154.00
Design2|c:/My_Designs/Design2/Design2/src/adder.v_TestBench.v|c:/My_Designs/Design2/Design2/compile/refresh.tmp|c:/My_Designs/Design2/Design2/compile/vcp_cmd.encr|1434634770.00
Design2|c:/My_Designs/Design2/Design2/src/adder.v|c:/My_Designs/Design2/Design2/compile/refresh.tmp|c:/My_Designs/Design2/Design2/compile/vcp_cmd.encr|1434634950.00
Design2|c:/My_Designs/Design2/Design2/src/TestBench.v|c:/My_Designs/Design2/Design2/compile/refresh.tmp|c:/My_Designs/Design2/Design2/compile/vcp_cmd.encr|1434637540.00
Design2|c:/My_Designs/Design2/Design2/src/TestBench.v|c:/My_Designs/Design2/Design2/compile/refresh.tmp|c:/My_Designs/Design2/Design2/compile/vcp_cmd.encr|1434637566.00
Design2|c:/My_Designs/Design2/Design2/src/adder.v|c:/My_Designs/Design2/Design2/compile/refresh.tmp|c:/My_Designs/Design2/Design2/compile/vcp_cmd.encr|1434638382.00
Design2|c:/My_Designs/Design2/Design2/src/TestBench.v_adder.v|c:/My_Designs/Design2/Design2/compile/refresh.tmp|c:/My_Designs/Design2/Design2/compile/vcp_cmd.encr|1435231429.00
