MPLINK 4.49, Linker
Linker Map File - Created Fri Jul 24 20:56:50 2015

                                 Section Info
                  Section       Type    Address   Location Size(Bytes)
                ---------  ---------  ---------  ---------  ---------
                   .org_0       code   0x000000    program   0x000002
                   .cinit    romdata   0x000001    program   0x000004
                   .org_1       code   0x000004    program   0x00008e
      .config_2007_LAB8.O       code   0x002007    program   0x000002



                              Program Memory Usage 
                               Start         End      
                           ---------   ---------      
                            0x000000    0x000002      
                            0x000004    0x00004a      
                            0x002007    0x002007      
            75 out of 1094 program addresses used, program memory utilization is 6%



                              Symbols - Sorted by Name
                     Name    Address   Location    Storage File                     
                ---------  ---------  ---------  --------- ---------                
                       S1   0x00000f    program     static C:\Users\Jonathan Monreal\Desktop\Lab8\lab8.ASM
                       S2   0x000012    program     static C:\Users\Jonathan Monreal\Desktop\Lab8\lab8.ASM
                       S3   0x000015    program     static C:\Users\Jonathan Monreal\Desktop\Lab8\lab8.ASM
                       S4   0x000018    program     static C:\Users\Jonathan Monreal\Desktop\Lab8\lab8.ASM
                    delay   0x000021    program     static C:\Users\Jonathan Monreal\Desktop\Lab8\lab8.ASM
                 end_loop   0x000031    program     static C:\Users\Jonathan Monreal\Desktop\Lab8\lab8.ASM
                     errS   0x00001b    program     static C:\Users\Jonathan Monreal\Desktop\Lab8\lab8.ASM
                    loop1   0x000023    program     static C:\Users\Jonathan Monreal\Desktop\Lab8\lab8.ASM
                    loop2   0x00002d    program     static C:\Users\Jonathan Monreal\Desktop\Lab8\lab8.ASM
                     main   0x00000c    program     static C:\Users\Jonathan Monreal\Desktop\Lab8\lab8.ASM
                    nextS   0x00003a    program     static C:\Users\Jonathan Monreal\Desktop\Lab8\lab8.ASM
                      okS   0x00001e    program     static C:\Users\Jonathan Monreal\Desktop\Lab8\lab8.ASM



                              Symbols - Sorted by Address
                     Name    Address   Location    Storage File                     
                ---------  ---------  ---------  --------- ---------                
                     main   0x00000c    program     static C:\Users\Jonathan Monreal\Desktop\Lab8\lab8.ASM
                       S1   0x00000f    program     static C:\Users\Jonathan Monreal\Desktop\Lab8\lab8.ASM
                       S2   0x000012    program     static C:\Users\Jonathan Monreal\Desktop\Lab8\lab8.ASM
                       S3   0x000015    program     static C:\Users\Jonathan Monreal\Desktop\Lab8\lab8.ASM
                       S4   0x000018    program     static C:\Users\Jonathan Monreal\Desktop\Lab8\lab8.ASM
                     errS   0x00001b    program     static C:\Users\Jonathan Monreal\Desktop\Lab8\lab8.ASM
                      okS   0x00001e    program     static C:\Users\Jonathan Monreal\Desktop\Lab8\lab8.ASM
                    delay   0x000021    program     static C:\Users\Jonathan Monreal\Desktop\Lab8\lab8.ASM
                    loop1   0x000023    program     static C:\Users\Jonathan Monreal\Desktop\Lab8\lab8.ASM
                    loop2   0x00002d    program     static C:\Users\Jonathan Monreal\Desktop\Lab8\lab8.ASM
                 end_loop   0x000031    program     static C:\Users\Jonathan Monreal\Desktop\Lab8\lab8.ASM
                    nextS   0x00003a    program     static C:\Users\Jonathan Monreal\Desktop\Lab8\lab8.ASM


