design4|c:/My_Designs/design4/design4/src/flip-flops.v|c:/My_Designs/design4/design4/compile/refresh.tmp|c:/My_Designs/design4/design4/compile/vcp_cmd.encr|1436402510.00
design4|c:/My_Designs/design4/design4/src/TestBench.v|c:/My_Designs/design4/design4/compile/refresh.tmp|c:/My_Designs/design4/design4/compile/vcp_cmd.encr|1436403462.00
design4|c:/My_Designs/design4/design4/src/flip-flops.v_TestBench.v|c:/My_Designs/design4/design4/compile/refresh.tmp|c:/My_Designs/design4/design4/compile/vcp_cmd.encr|1436403514.00
design4|c:/My_Designs/design4/design4/src/TestBench.v|c:/My_Designs/design4/design4/compile/refresh.tmp|c:/My_Designs/design4/design4/compile/vcp_cmd.encr|1436403685.00
design4|c:/My_Designs/design4/design4/src/flip-flops.v_TestBench.v|c:/My_Designs/design4/design4/compile/refresh.tmp|c:/My_Designs/design4/design4/compile/vcp_cmd.encr|1436403722.00
design4|c:/My_Designs/design4/design4/src/flip-flops.v_TestBench.v|c:/My_Designs/design4/design4/compile/refresh.tmp|c:/My_Designs/design4/design4/compile/vcp_cmd.encr|1436403732.00
design4|c:/My_Designs/design4/design4/src/TestBench.v|c:/My_Designs/design4/design4/compile/refresh.tmp|c:/My_Designs/design4/design4/compile/vcp_cmd.encr|1436403867.00
design4|c:/My_Designs/design4/design4/src/TestBench.v|c:/My_Designs/design4/design4/compile/refresh.tmp|c:/My_Designs/design4/design4/compile/vcp_cmd.encr|1436404190.00
design4|c:/My_Designs/design4/design4/src/flip-flops.v_TestBench.v_parity.v|c:/My_Designs/design4/design4/compile/refresh.tmp|c:/My_Designs/design4/design4/compile/vcp_cmd.encr|1436404997.00
design4|c:/My_Designs/design4/design4/src/flip-flops.v_TestBench.v_parity.v|c:/My_Designs/design4/design4/compile/refresh.tmp|c:/My_Designs/design4/design4/compile/vcp_cmd.encr|1436405016.00
design4|c:/My_Designs/design4/design4/src/TestBench.v|c:/My_Designs/design4/design4/compile/refresh.tmp|c:/My_Designs/design4/design4/compile/vcp_cmd.encr|1436405177.00
