design0|c:/My_Designs/design0/design0/src/partS.v_testbench.v|c:/My_Designs/design0/design0/compile/refresh.tmp|c:/My_Designs/design0/design0/compile/vcp_cmd.encr|1433356412.00
design0|c:/My_Designs/design0/design0/src/partS.v_testbench.v|c:/My_Designs/design0/design0/compile/refresh.tmp|c:/My_Designs/design0/design0/compile/vcp_cmd.encr|1433356439.00
design0|c:/My_Designs/design0/design0/src/partS.v_testbench.v|c:/My_Designs/design0/design0/compile/refresh.tmp|c:/My_Designs/design0/design0/compile/vcp_cmd.encr|1433357603.00
design0|c:/My_Designs/design0/design0/src/testbench.v|c:/My_Designs/design0/design0/compile/refresh.tmp|c:/My_Designs/design0/design0/compile/vcp_cmd.encr|1433357626.00
