design3|c:/My_Designs/design3/design3/src/adder.v_alu.v_TestBench.v|c:/My_Designs/design3/design3/compile/refresh.tmp|c:/My_Designs/design3/design3/compile/vcp_cmd.encr|1435849700.00
design3|c:/My_Designs/design3/design3/src/adder.v_alu.v_TestBench.v|c:/My_Designs/design3/design3/compile/refresh.tmp|c:/My_Designs/design3/design3/compile/vcp_cmd.encr|1435849754.00
design3|c:/My_Designs/design3/design3/src/adder.v_alu.v_TestBench.v|c:/My_Designs/design3/design3/compile/refresh.tmp|c:/My_Designs/design3/design3/compile/vcp_cmd.encr|1435849846.00
design3|c:/My_Designs/design3/design3/src/adder.v_alu.v_TestBench.v|c:/My_Designs/design3/design3/compile/refresh.tmp|c:/My_Designs/design3/design3/compile/vcp_cmd.encr|1435849860.00
design3|c:/My_Designs/design3/design3/src/adder.v_alu.v_TestBench.v|c:/My_Designs/design3/design3/compile/refresh.tmp|c:/My_Designs/design3/design3/compile/vcp_cmd.encr|1435849911.00
design3|c:/My_Designs/design3/design3/src/adder.v_alu.v_TestBench.v|c:/My_Designs/design3/design3/compile/refresh.tmp|c:/My_Designs/design3/design3/compile/vcp_cmd.encr|1435849922.00
design3|c:/My_Designs/design3/design3/src/TestBench.v|c:/My_Designs/design3/design3/compile/refresh.tmp|c:/My_Designs/design3/design3/compile/vcp_cmd.encr|1435849967.00
design3|c:/My_Designs/design3/design3/src/TestBench.v|c:/My_Designs/design3/design3/compile/refresh.tmp|c:/My_Designs/design3/design3/compile/vcp_cmd.encr|1435850028.00
design3|c:/My_Designs/design3/design3/src/TestBench.v|c:/My_Designs/design3/design3/compile/refresh.tmp|c:/My_Designs/design3/design3/compile/vcp_cmd.encr|1435850090.00
design3|c:/My_Designs/design3/design3/src/TestBench.v|c:/My_Designs/design3/design3/compile/refresh.tmp|c:/My_Designs/design3/design3/compile/vcp_cmd.encr|1435850115.00
design3|c:/My_Designs/design3/design3/src/TestBench.v|c:/My_Designs/design3/design3/compile/refresh.tmp|c:/My_Designs/design3/design3/compile/vcp_cmd.encr|1435850138.00
design3|c:/My_Designs/design3/design3/src/TestBench.v|c:/My_Designs/design3/design3/compile/refresh.tmp|c:/My_Designs/design3/design3/compile/vcp_cmd.encr|1435850623.00
design3|c:/My_Designs/design3/design3/src/TestBench.v|c:/My_Designs/design3/design3/compile/refresh.tmp|c:/My_Designs/design3/design3/compile/vcp_cmd.encr|1435850744.00
