MPLINK 4.49, Linker
Linker Map File - Created Mon Jul 20 21:17:27 2015

                                 Section Info
                  Section       Type    Address   Location Size(Bytes)
                ---------  ---------  ---------  ---------  ---------
                   .org_0       code   0x000000    program   0x000002
                   .cinit    romdata   0x000001    program   0x000004
                   .org_1       code   0x000004    program   0x00002e
     .config_2007_LAB7C.O       code   0x002007    program   0x000002



                              Program Memory Usage 
                               Start         End      
                           ---------   ---------      
                            0x000000    0x000002      
                            0x000004    0x00001a      
                            0x002007    0x002007      
            27 out of 1094 program addresses used, program memory utilization is 2%



                              Symbols - Sorted by Name
                     Name    Address   Location    Storage File                     
                ---------  ---------  ---------  --------- ---------                
                      add   0x000011    program     static C:\Users\Jonathan Monreal\Desktop\Lab7\lab7c.ASM
                      fin   0x00001a    program     static C:\Users\Jonathan Monreal\Desktop\Lab7\lab7c.ASM
                     main   0x00000c    program     static C:\Users\Jonathan Monreal\Desktop\Lab7\lab7c.ASM
                      sub   0x000015    program     static C:\Users\Jonathan Monreal\Desktop\Lab7\lab7c.ASM
                 xor_step   0x000018    program     static C:\Users\Jonathan Monreal\Desktop\Lab7\lab7c.ASM



                              Symbols - Sorted by Address
                     Name    Address   Location    Storage File                     
                ---------  ---------  ---------  --------- ---------                
                     main   0x00000c    program     static C:\Users\Jonathan Monreal\Desktop\Lab7\lab7c.ASM
                      add   0x000011    program     static C:\Users\Jonathan Monreal\Desktop\Lab7\lab7c.ASM
                      sub   0x000015    program     static C:\Users\Jonathan Monreal\Desktop\Lab7\lab7c.ASM
                 xor_step   0x000018    program     static C:\Users\Jonathan Monreal\Desktop\Lab7\lab7c.ASM
                      fin   0x00001a    program     static C:\Users\Jonathan Monreal\Desktop\Lab7\lab7c.ASM


