Design2|c:/My_Designs/Design2/Design2/src/TestBench.v|c:/My_Designs/Design2/Design2/compile/refresh.tmp|c:/My_Designs/Design2/Design2/compile/vcp_cmd.encr|1423753593.00
Design2|c:/My_Designs/Design2/Design2/src/TestBench.v|c:/My_Designs/Design2/Design2/compile/refresh.tmp|c:/My_Designs/Design2/Design2/compile/vcp_cmd.encr|1423753650.00
Design2|c:/My_Designs/Design2/Design2/src/TestBench.v|c:/My_Designs/Design2/Design2/compile/refresh.tmp|c:/My_Designs/Design2/Design2/compile/vcp_cmd.encr|1423753692.00
Design2|c:/My_Designs/Design2/Design2/src/TestBench.v|c:/My_Designs/Design2/Design2/compile/refresh.tmp|c:/My_Designs/Design2/Design2/compile/vcp_cmd.encr|1423753716.00
Design2|c:/My_Designs/Design2/Design2/src/TestBench.v|c:/My_Designs/Design2/Design2/compile/refresh.tmp|c:/My_Designs/Design2/Design2/compile/vcp_cmd.encr|1423753757.00
Design2|c:/My_Designs/Design2/Design2/src/TestBench.v|c:/My_Designs/Design2/Design2/compile/refresh.tmp|c:/My_Designs/Design2/Design2/compile/vcp_cmd.encr|1423753780.00
Design2|c:/My_Designs/Design2/Design2/src/TestBench.v|c:/My_Designs/Design2/Design2/compile/refresh.tmp|c:/My_Designs/Design2/Design2/compile/vcp_cmd.encr|1423753802.00
Design2|c:/My_Designs/Design2/Design2/src/TestBench.v|c:/My_Designs/Design2/Design2/compile/refresh.tmp|c:/My_Designs/Design2/Design2/compile/vcp_cmd.encr|1423753884.00
Design2|c:/My_Designs/Design2/Design2/src/TestBench.v|c:/My_Designs/Design2/Design2/compile/refresh.tmp|c:/My_Designs/Design2/Design2/compile/vcp_cmd.encr|1423753917.00
Design2|c:/My_Designs/Design2/Design2/src/TestBench.v|c:/My_Designs/Design2/Design2/compile/refresh.tmp|c:/My_Designs/Design2/Design2/compile/vcp_cmd.encr|1423754018.00
Design2|c:/My_Designs/Design2/Design2/src/TestBench.v|c:/My_Designs/Design2/Design2/compile/refresh.tmp|c:/My_Designs/Design2/Design2/compile/vcp_cmd.encr|1423754039.00
Design2|c:/My_Designs/Design2/Design2/src/TestBench.v|c:/My_Designs/Design2/Design2/compile/refresh.tmp|c:/My_Designs/Design2/Design2/compile/vcp_cmd.encr|1423754164.00
Design2|c:/My_Designs/Design2/Design2/src/TestBench.v|c:/My_Designs/Design2/Design2/compile/refresh.tmp|c:/My_Designs/Design2/Design2/compile/vcp_cmd.encr|1423754193.00
Design2|c:/My_Designs/Design2/Design2/src/TestBench.v|c:/My_Designs/Design2/Design2/compile/refresh.tmp|c:/My_Designs/Design2/Design2/compile/vcp_cmd.encr|1423754206.00
Design2|c:/My_Designs/Design2/Design2/src/TestBench.v|c:/My_Designs/Design2/Design2/compile/refresh.tmp|c:/My_Designs/Design2/Design2/compile/vcp_cmd.encr|1423754351.00
Design2|c:/My_Designs/Design2/Design2/src/TestBench.v|c:/My_Designs/Design2/Design2/compile/refresh.tmp|c:/My_Designs/Design2/Design2/compile/vcp_cmd.encr|1423754403.00
Design2|c:/My_Designs/Design2/Design2/src/TestBench.v|c:/My_Designs/Design2/Design2/compile/refresh.tmp|c:/My_Designs/Design2/Design2/compile/vcp_cmd.encr|1423754542.00
Design2|c:/My_Designs/Design2/Design2/src/TestBench.v|c:/My_Designs/Design2/Design2/compile/refresh.tmp|c:/My_Designs/Design2/Design2/compile/vcp_cmd.encr|1423754571.00
Design2|c:/My_Designs/Design2/Design2/src/adder.v|c:/My_Designs/Design2/Design2/compile/refresh.tmp|c:/My_Designs/Design2/Design2/compile/vcp_cmd.encr|1423755101.00
Design2|c:/My_Designs/Design2/Design2/src/TestBench.v|c:/My_Designs/Design2/Design2/compile/refresh.tmp|c:/My_Designs/Design2/Design2/compile/vcp_cmd.encr|1423755113.00
Design2|c:/My_Designs/Design2/Design2/src/adder.v|c:/My_Designs/Design2/Design2/compile/refresh.tmp|c:/My_Designs/Design2/Design2/compile/vcp_cmd.encr|1423755117.00
Design2|c:/My_Designs/Design2/Design2/src/TestBench.v|c:/My_Designs/Design2/Design2/compile/refresh.tmp|c:/My_Designs/Design2/Design2/compile/vcp_cmd.encr|1423755213.00
Design2|c:/My_Designs/Design2/Design2/src/TestBench.v|c:/My_Designs/Design2/Design2/compile/refresh.tmp|c:/My_Designs/Design2/Design2/compile/vcp_cmd.encr|1423755523.00
Design2|c:/My_Designs/Design2/Design2/src/TestBench.v|c:/My_Designs/Design2/Design2/compile/refresh.tmp|c:/My_Designs/Design2/Design2/compile/vcp_cmd.encr|1424960219.00
Design2|c:/My_Designs/Design2/Design2/src/TestBench.v|c:/My_Designs/Design2/Design2/compile/refresh.tmp|c:/My_Designs/Design2/Design2/compile/vcp_cmd.encr|1424960295.00
Design2|c:/My_Designs/Design2/Design2/src/TestBench.v|c:/My_Designs/Design2/Design2/compile/refresh.tmp|c:/My_Designs/Design2/Design2/compile/vcp_cmd.encr|1424960324.00
Design2|c:/My_Designs/Design2/Design2/src/TestBench.v|c:/My_Designs/Design2/Design2/compile/refresh.tmp|c:/My_Designs/Design2/Design2/compile/vcp_cmd.encr|1424960346.00
Design2|c:/My_Designs/Design2/Design2/src/TestBench.v|c:/My_Designs/Design2/Design2/compile/refresh.tmp|c:/My_Designs/Design2/Design2/compile/vcp_cmd.encr|1424960381.00
Design2|c:/My_Designs/Design2/Design2/src/adder.v|c:/My_Designs/Design2/Design2/compile/refresh.tmp|c:/My_Designs/Design2/Design2/compile/vcp_cmd.encr|1424960394.00
Design2|c:/My_Designs/Design2/Design2/src/adder.v_TestBench.v|c:/My_Designs/Design2/Design2/compile/refresh.tmp|c:/My_Designs/Design2/Design2/compile/vcp_cmd.encr|1424960410.00
Design2|c:/My_Designs/Design2/Design2/src/TestBench.v|c:/My_Designs/Design2/Design2/compile/refresh.tmp|c:/My_Designs/Design2/Design2/compile/vcp_cmd.encr|1424960522.00
Design2|c:/My_Designs/Design2/Design2/src/TestBench.v|c:/My_Designs/Design2/Design2/compile/refresh.tmp|c:/My_Designs/Design2/Design2/compile/vcp_cmd.encr|1424960563.00
Design2|c:/My_Designs/Design2/Design2/src/TestBench.v|c:/My_Designs/Design2/Design2/compile/refresh.tmp|c:/My_Designs/Design2/Design2/compile/vcp_cmd.encr|1424960606.00
Design2|c:/My_Designs/Design2/Design2/src/TestBench.v|c:/My_Designs/Design2/Design2/compile/refresh.tmp|c:/My_Designs/Design2/Design2/compile/vcp_cmd.encr|1424960621.00
Design2|c:/My_Designs/Design2/Design2/src/TestBench.v|c:/My_Designs/Design2/Design2/compile/refresh.tmp|c:/My_Designs/Design2/Design2/compile/vcp_cmd.encr|1424960651.00
Design2|c:/My_Designs/Design2/Design2/src/TestBench.v|c:/My_Designs/Design2/Design2/compile/refresh.tmp|c:/My_Designs/Design2/Design2/compile/vcp_cmd.encr|1424960685.00
Design2|c:/My_Designs/Design2/Design2/src/TestBench.v|c:/My_Designs/Design2/Design2/compile/refresh.tmp|c:/My_Designs/Design2/Design2/compile/vcp_cmd.encr|1424960702.00
Design2|c:/My_Designs/Design2/Design2/src/TestBench.v|c:/My_Designs/Design2/Design2/compile/refresh.tmp|c:/My_Designs/Design2/Design2/compile/vcp_cmd.encr|1424960725.00
Design2|c:/My_Designs/Design2/Design2/src/TestBench.v|c:/My_Designs/Design2/Design2/compile/refresh.tmp|c:/My_Designs/Design2/Design2/compile/vcp_cmd.encr|1424960743.00
Design2|c:/My_Designs/Design2/Design2/src/TestBench.v|c:/My_Designs/Design2/Design2/compile/refresh.tmp|c:/My_Designs/Design2/Design2/compile/vcp_cmd.encr|1424960833.00
Design2|c:/My_Designs/Design2/Design2/src/adder.v|c:/My_Designs/Design2/Design2/compile/refresh.tmp|c:/My_Designs/Design2/Design2/compile/vcp_cmd.encr|1424964693.00
Design2|c:/My_Designs/Design2/Design2/src/adder.v|c:/My_Designs/Design2/Design2/compile/refresh.tmp|c:/My_Designs/Design2/Design2/compile/vcp_cmd.encr|1424964929.00
Design2|c:/My_Designs/Design2/Design2/src/adder.v|c:/My_Designs/Design2/Design2/compile/refresh.tmp|c:/My_Designs/Design2/Design2/compile/vcp_cmd.encr|1424964958.00
Design2|c:/My_Designs/Design2/Design2/src/adder.v|c:/My_Designs/Design2/Design2/compile/refresh.tmp|c:/My_Designs/Design2/Design2/compile/vcp_cmd.encr|1424965535.00
Design2|c:/My_Designs/Design2/Design2/src/adder.v|c:/My_Designs/Design2/Design2/compile/refresh.tmp|c:/My_Designs/Design2/Design2/compile/vcp_cmd.encr|1424965539.00
Design2|c:/My_Designs/Design2/Design2/src/adder.v|c:/My_Designs/Design2/Design2/compile/refresh.tmp|c:/My_Designs/Design2/Design2/compile/vcp_cmd.encr|1424965683.00
Design2|c:/My_Designs/Design2/Design2/src/adder.v|c:/My_Designs/Design2/Design2/compile/refresh.tmp|c:/My_Designs/Design2/Design2/compile/vcp_cmd.encr|1424965713.00
Design2|c:/My_Designs/Design2/Design2/src/adder.v|c:/My_Designs/Design2/Design2/compile/refresh.tmp|c:/My_Designs/Design2/Design2/compile/vcp_cmd.encr|1424965737.00
Design2|c:/My_Designs/Design2/Design2/src/TestBench.v|c:/My_Designs/Design2/Design2/compile/refresh.tmp|c:/My_Designs/Design2/Design2/compile/vcp_cmd.encr|1424966140.00
Design2|c:/My_Designs/Design2/Design2/src/TestBench.v|c:/My_Designs/Design2/Design2/compile/refresh.tmp|c:/My_Designs/Design2/Design2/compile/vcp_cmd.encr|1424966143.00
Design2|c:/My_Designs/Design2/Design2/src/adder.v|c:/My_Designs/Design2/Design2/compile/refresh.tmp|c:/My_Designs/Design2/Design2/compile/vcp_cmd.encr|1424966148.00
Design2|c:/My_Designs/Design2/Design2/src/TestBench.v|c:/My_Designs/Design2/Design2/compile/refresh.tmp|c:/My_Designs/Design2/Design2/compile/vcp_cmd.encr|1424966167.00
Design2|c:/My_Designs/Design2/Design2/src/TestBench.v|c:/My_Designs/Design2/Design2/compile/refresh.tmp|c:/My_Designs/Design2/Design2/compile/vcp_cmd.encr|1424966206.00
Design2|c:/My_Designs/Design2/Design2/src/TestBench.v|c:/My_Designs/Design2/Design2/compile/refresh.tmp|c:/My_Designs/Design2/Design2/compile/vcp_cmd.encr|1424966254.00
Design2|c:/My_Designs/Design2/Design2/src/TestBench.v|c:/My_Designs/Design2/Design2/compile/refresh.tmp|c:/My_Designs/Design2/Design2/compile/vcp_cmd.encr|1424966352.00
Design2|c:/My_Designs/Design2/Design2/src/TestBench.v|c:/My_Designs/Design2/Design2/compile/refresh.tmp|c:/My_Designs/Design2/Design2/compile/vcp_cmd.encr|1424966386.00
Design2|c:/My_Designs/Design2/Design2/src/TestBench.v|c:/My_Designs/Design2/Design2/compile/refresh.tmp|c:/My_Designs/Design2/Design2/compile/vcp_cmd.encr|1424966435.00
Design2|c:/My_Designs/Design2/Design2/src/TestBench.v|c:/My_Designs/Design2/Design2/compile/refresh.tmp|c:/My_Designs/Design2/Design2/compile/vcp_cmd.encr|1424966459.00
Design2|c:/My_Designs/Design2/Design2/src/TestBench.v|c:/My_Designs/Design2/Design2/compile/refresh.tmp|c:/My_Designs/Design2/Design2/compile/vcp_cmd.encr|1424966482.00
Design2|c:/My_Designs/Design2/Design2/src/TestBench.v|c:/My_Designs/Design2/Design2/compile/refresh.tmp|c:/My_Designs/Design2/Design2/compile/vcp_cmd.encr|1424966528.00
Design2|c:/My_Designs/Design2/Design2/src/TestBench.v|c:/My_Designs/Design2/Design2/compile/refresh.tmp|c:/My_Designs/Design2/Design2/compile/vcp_cmd.encr|1424966553.00
Design2|c:/My_Designs/Design2/Design2/src/TestBench.v|c:/My_Designs/Design2/Design2/compile/refresh.tmp|c:/My_Designs/Design2/Design2/compile/vcp_cmd.encr|1424966616.00
Design2|c:/My_Designs/Design2/Design2/src/TestBench.v|c:/My_Designs/Design2/Design2/compile/refresh.tmp|c:/My_Designs/Design2/Design2/compile/vcp_cmd.encr|1424966633.00
Design2|c:/My_Designs/Design2/Design2/src/TestBench.v|c:/My_Designs/Design2/Design2/compile/refresh.tmp|c:/My_Designs/Design2/Design2/compile/vcp_cmd.encr|1424966675.00
Design2|c:/My_Designs/Design2/Design2/src/TestBench.v|c:/My_Designs/Design2/Design2/compile/refresh.tmp|c:/My_Designs/Design2/Design2/compile/vcp_cmd.encr|1424966996.00
Design2|c:/My_Designs/Design2/Design2/src/TestBench.v|c:/My_Designs/Design2/Design2/compile/refresh.tmp|c:/My_Designs/Design2/Design2/compile/vcp_cmd.encr|1424967059.00
Design2|c:/My_Designs/Design2/Design2/src/TestBench.v|c:/My_Designs/Design2/Design2/compile/refresh.tmp|c:/My_Designs/Design2/Design2/compile/vcp_cmd.encr|1424967080.00
Design2|C:/My_Designs/Design2/Design2/src/adder.v|C:/My_Designs/Design2/Design2/compile/refresh.tmp|C:/My_Designs/Design2/Design2/compile/vcp_cmd.encr|1424967882.00
Design2|C:/My_Designs/Design2/Design2/src/adder.v|C:/My_Designs/Design2/Design2/compile/refresh.tmp|C:/My_Designs/Design2/Design2/compile/vcp_cmd.encr|1424967888.00
Design2|C:/My_Designs/Design2/Design2/src/adder.v_TestBench.v|C:/My_Designs/Design2/Design2/compile/refresh.tmp|C:/My_Designs/Design2/Design2/compile/vcp_cmd.encr|1424968104.00
